These instructions were created for MacOS/Linux users in mind


This project uses Python files. Before beginning, check if you have Python installed with the terminal command

$ python --version

If you do not have Python installed, you can install it with Homebrew with:

$ brew install python

If you do not have Homebrew, you can download Python on this website:

https://www.python.org/downloads/


The only external package needed for this project is Batteries. If you do not have Batteries installed, you can run these commands in a terminal.

$ opam update
$ opam upgrade
$ opam install batteries


Next, open up the CamelCapital folder with a command-line terminal. Once there, open the source code of the project with:

$ cd CC

Then run

$ dune build

If you get an error, try running:

$ dune clean
$ dune build

Here are some commands to run:

$ dune exec bin/main.exe -- ticker AMZN

$ dune exec bin/main.exe -- ticker NVDA 200000

Here's a really interesting one:

$ dune exec bin/main.exe -- ticker GME


At a high level, these command line instructions run a 10 year backtest on given stocks using our trading algorithm.